// Jest Snapshot v1, https://goo.gl/fbAQLP

exports[`GameBoard Form Snapshot tests GameBoard GameBoard default form 1`] = `ShallowWrapper {}`;
